---
source: src/tests.rs
expression: parsed
---
Include(
    Included(
        "test",
    ),
    None,
)
