---
source: src/tests.rs
expression: parsed
---
Logic(
    Unitary(
        Parenthesised(
            Unitary(
                Atomic(
                    Plain(
                        FofPlainAtomicFormula(
                            Constant(
                                Functor(
                                    Lower(
                                        LowerWord(
                                            "p",
                                        ),
                                    ),
                                ),
                            ),
                        ),
                    ),
                ),
            ),
        ),
    ),
)
