---
source: src/tests.rs
expression: parsed
---
Some(
    Include(
        Included(
            "test",
        ),
        None,
    ),
)
