---
source: src/tests.rs
expression: parsed
---
Plain(
    Constant(
        Constant(
            Functor(
                Lower(
                    LowerWord(
                        "c",
                    ),
                ),
            ),
        ),
    ),
)
