---
source: src/tests.rs
expression: parsed
---
$defined_term
