---
source: src/tests.rs
expression: parsed
---
Unitary(
    Atomic(
        Plain(
            FofPlainAtomicFormula(
                Constant(
                    Functor(
                        Lower(
                            LowerWord(
                                "p",
                            ),
                        ),
                    ),
                ),
            ),
        ),
    ),
)
