---
source: src/tests.rs
expression: parsed
---
Annotated(
    Fof(
        FofAnnotated {
            name: AtomicWord(
                Lower(
                    LowerWord(
                        "test",
                    ),
                ),
            ),
            role: Axiom,
            formula: Logic(
                Unitary(
                    Atomic(
                        Defined(
                            Plain(
                                FofDefinedPlainFormula(
                                    Constant(
                                        DefinedConstant(
                                            DefinedFunctor(
                                                AtomicDefinedWord(
                                                    DollarWord(
                                                        LowerWord(
                                                            "true",
                                                        ),
                                                    ),
                                                ),
                                            ),
                                        ),
                                    ),
                                ),
                            ),
                        ),
                    ),
                ),
            ),
            annotations: Annotations(
                None,
            ),
        },
    ),
)
