---
source: src/tests.rs
expression: parsed
---
OptionalInfo(
    None,
)
