---
source: src/tests.rs
expression: parsed
---
Cnf(
    Disjunction(
        Disjunction(
            [
                Atomic(
                    Plain(
                        FofPlainAtomicFormula(
                            Constant(
                                Constant(
                                    Functor(
                                        Lower(
                                            LowerWord(
                                                "p",
                                            ),
                                        ),
                                    ),
                                ),
                            ),
                        ),
                    ),
                ),
            ],
        ),
    ),
)
