---
source: src/tests.rs
expression: parsed
---
VariableList(
    [
        Variable(
            UpperWord(
                "X",
            ),
        ),
        Variable(
            UpperWord(
                "Y",
            ),
        ),
    ],
)
