---
source: src/common.rs
expression: parsed
---
DefinedFunctor(
    AtomicDefinedWord(
        DollarWord(
            LowerWord(
                "defined_functor",
            ),
        ),
    ),
)
