---
source: src/common.rs
expression: parsed
---
AtomicWord(
    SingleQuoted(
        SingleQuoted(
            "single quoted",
        ),
    ),
)
