---
source: src/tests.rs
assertion_line: 31
expression: parsed

---
$defined_type
