---
source: src/tests.rs
expression: parsed

---
f(X)!=c
