---
source: src/common.rs
expression: parsed
---
AtomicWord(
    Lower(
        LowerWord(
            "lower_word2",
        ),
    ),
)
