---
source: src/common.rs
expression: parsed
---
SystemConstant(
    SystemFunctor(
        AtomicSystemWord(
            DollarDollarWord(
                LowerWord(
                    "system_constant",
                ),
            ),
        ),
    ),
)
