---
source: src/top.rs
expression: parsed
---
GeneralTerms(
    [
        Data(
            Variable(
                Variable(
                    UpperWord(
                        "X",
                    ),
                ),
            ),
        ),
    ],
)
