---
source: src/tests.rs
assertion_line: 30
expression: parsed

---
Quantified(
    QuantifiedFormula {
        quantifier: Forall,
        bound: VariableList(
            [
                Typed(
                    TypedVariable {
                        variable: Variable(
                            UpperWord(
                                "X",
                            ),
                        ),
                        typ: Variable(
                            Variable(
                                UpperWord(
                                    "A",
                                ),
                            ),
                        ),
                    },
                ),
            ],
        ),
        formula: Unitary(
            Atomic(
                Defined(
                    DefinedAtomic(
                        Constant(
                            DefinedConstant(
                                DefinedFunctor(
                                    AtomicDefinedWord(
                                        DollarWord(
                                            LowerWord(
                                                "true",
                                            ),
                                        ),
                                    ),
                                ),
                            ),
                        ),
                    ),
                ),
            ),
        ),
    },
)
