---
source: src/tests.rs
expression: parsed
---
CnfAnnotated(
    Annotated {
        name: AtomicWord(
            Lower(
                LowerWord(
                    "test",
                ),
            ),
        ),
        role: Axiom,
        formula: Disjunction(
            Disjunction(
                [
                    Atomic(
                        Defined(
                            Plain(
                                DefinedPlainFormula(
                                    DefinedPlainTerm(
                                        DefinedConstant(
                                            DefinedFunctor(
                                                AtomicDefinedWord(
                                                    DollarWord(
                                                        LowerWord(
                                                            "true",
                                                        ),
                                                    ),
                                                ),
                                            ),
                                        ),
                                    ),
                                ),
                            ),
                        ),
                    ),
                ],
            ),
        ),
        annotations: Annotations(
            Some(
                (
                    Source(
                        Data(
                            Atomic(
                                Lower(
                                    LowerWord(
                                        "unknown",
                                    ),
                                ),
                            ),
                        ),
                    ),
                    OptionalInfo(
                        Some(
                            UsefulInfo(
                                GeneralList(
                                    None,
                                ),
                            ),
                        ),
                    ),
                ),
            ),
        ),
    },
)
