---
source: src/top.rs
expression: parsed
---
FileName(
    SingleQuoted(
        "test",
    ),
)
