---
source: src/common.rs
expression: parsed
---
1e-06
