---
source: src/common.rs
expression: parsed
---
$defined_type
