---
source: src/tests.rs
expression: parsed

---
Integer(
    Integer(
        "123",
    ),
)
