---
source: src/tfx.rs
expression: parsed
---
Defined(
    DefinedType(
        AtomicDefinedWord(
            DollarWord(
                LowerWord(
                    "defined_type",
                ),
            ),
        ),
    ),
)
